../Core/Src/main.c:66:10:convert_percent_to_12bits_value	24	static
../Core/Src/main.c:78:6:send_via_DAC	16	static
../Core/Src/main.c:85:6:receive_percent	16	static
../Core/Src/main.c:91:6:turn_on_power	16	static
../Core/Src/main.c:103:6:change_direction	16	static
../Core/Src/main.c:120:5:main	8	static
../Core/Src/main.c:184:6:SystemClock_Config	88	static
../Core/Src/main.c:232:13:MX_DAC_Init	16	static
../Core/Src/main.c:272:13:MX_USART2_UART_Init	8	static
../Core/Src/main.c:305:13:MX_GPIO_Init	48	static
../Core/Src/main.c:345:6:Error_Handler	4	static,ignoring_inline_asm
