../Core/Src/uart_data_handler.c:8:6:uart_data_handler_init	8	static
../Core/Src/uart_data_handler.c:12:6:uart_data_handler_register_callback_speed	16	static
../Core/Src/uart_data_handler.c:16:6:uart_data_handler_register_callback_power	16	static
../Core/Src/uart_data_handler.c:20:6:uart_data_handler_register_callback_direction	16	static
../Core/Src/uart_data_handler.c:24:6:HAL_UART_RxCpltCallback	16	static
../Core/Src/uart_data_handler.c:43:6:uart_transmit_byte	16	static
../Core/Src/uart_data_handler.c:47:6:uart_transmit_data	16	static
../Core/Src/uart_data_handler.c:51:6:led_set	16	static
../Core/Src/uart_data_handler.c:56:6:led_toggle	8	static
